<html>
<body>
<pre>
<h1>µVision Build Log</h1>
<h2>Tool Versions:</h2>
IDE-Version: £gVision V5.26.2.0
Copyright (C) 2018 ARM Ltd and ARM Germany GmbH. All rights reserved.
License Information: WT WT WT Flex license: MDK-ARM Professional: 4 user(s) (mdk_pro) Support: May 2021
 
Tool Versions:
Toolchain:       MDK-ARM Professional: 4 user(s)  Version: 5.26.2.0
Toolchain Path:  C:\Keil_v5\ARM\ARMCC\Bin
C Compiler:      Armcc.exe V5.06 update 6 (build 750)
Assembler:       Armasm.exe V5.06 update 6 (build 750)
Linker/Locator:  ArmLink.exe V5.06 update 6 (build 750)
Library Manager: ArmAr.exe V5.06 update 6 (build 750)
Hex Converter:   FromElf.exe V5.06 update 6 (build 750)
CPU DLL:         SARMCM3.DLL V5.26.2.0
Dialog DLL:      DARMCM1.DLL V1.19.1.0
Target DLL:      Nu_Link.dll V3.02
Dialog DLL:      TARMCM1.DLL V1.14.0.0
 
<h2>Project:</h2>
D:\SourceCode\_Avery_M480\M480BSP_I2C_LSM6DSL\SampleCode\Template\Keil\Template.uvproj
Project File Date:  06/19/2020

<h2>Output:</h2>
*** Using Compiler 'V5.06 update 6 (build 750)', folder: 'C:\Keil_v5\ARM\ARMCC\Bin'
Build target 'Project'
creating preprocessor file for system_M480.c...
creating preprocessor file for retarget.c...
creating preprocessor file for uart.c...
creating preprocessor file for sys.c...
creating preprocessor file for clk.c...
creating preprocessor file for gpio.c...
creating preprocessor file for pdma.c...
creating preprocessor file for timer.c...
creating preprocessor file for i2c.c...
creating preprocessor file for main.c...
creating preprocessor file for I2C_LSM6DSL.c...
creating preprocessor file for i2c_master.c...
compiling main.c...
compiling I2C_LSM6DSL.c...
compiling i2c_master.c...
creating preprocessor file for kalman_filter.c...
linking...
Program Size: Code=9216 RO-data=612 RW-data=128 ZI-data=2048  
FromELF: creating hex file...
After Build - User command #1: fromelf --bin ".\obj\template.axf" --output ".\obj\template.bin"
After Build - User command #2: fromelf --text -c ".\obj\template.axf" --output ".\obj\template.txt"
".\obj\template.axf" - 0 Error(s), 0 Warning(s).
Build Time Elapsed:  00:00:24
</pre>
</body>
</html>
