Component: ARM Compiler 5.06 update 6 (build 750) Tool: armlink [4d35ed]

==============================================================================

Small function inlining results

Inlined function __aeabi_dneg from dneg.o at offset 0x264 in atan.o(i.__hardfp_atan).
Inlined Instruction: EOR      r0,r1,#0, ASRS     r0,r0,r0
Inlined function __aeabi_dneg from dneg.o at offset 0x250 in atan_x.o(i.____hardfp_atan$lsc).
Inlined Instruction: EOR      r0,r1,#0, ASRS     r0,r0,r0
Inlined total of 2 calls.

==============================================================================

Image Symbol Table

    Local Symbols

    Symbol Name                              Value     Ov Type        Size  Object(Section)

    RESET                                    0x00000000   Section      500  startup_m480.o(RESET)
    ../clib/microlib/division.c              0x00000000   Number         0  uidiv.o ABSOLUTE
    ../clib/microlib/division.c              0x00000000   Number         0  uldiv.o ABSOLUTE
    ../clib/microlib/errno.c                 0x00000000   Number         0  errno.o ABSOLUTE
    ../clib/microlib/init/entry.s            0x00000000   Number         0  entry7a.o ABSOLUTE
    ../clib/microlib/init/entry.s            0x00000000   Number         0  entry9b.o ABSOLUTE
    ../clib/microlib/init/entry.s            0x00000000   Number         0  entry9a.o ABSOLUTE
    ../clib/microlib/init/entry.s            0x00000000   Number         0  entry8b.o ABSOLUTE
    ../clib/microlib/init/entry.s            0x00000000   Number         0  entry.o ABSOLUTE
    ../clib/microlib/init/entry.s            0x00000000   Number         0  entry8a.o ABSOLUTE
    ../clib/microlib/init/entry.s            0x00000000   Number         0  entry7b.o ABSOLUTE
    ../clib/microlib/init/entry.s            0x00000000   Number         0  entry5.o ABSOLUTE
    ../clib/microlib/init/entry.s            0x00000000   Number         0  entry10b.o ABSOLUTE
    ../clib/microlib/init/entry.s            0x00000000   Number         0  entry2.o ABSOLUTE
    ../clib/microlib/init/entry.s            0x00000000   Number         0  entry11a.o ABSOLUTE
    ../clib/microlib/init/entry.s            0x00000000   Number         0  entry11b.o ABSOLUTE
    ../clib/microlib/init/entry.s            0x00000000   Number         0  entry10a.o ABSOLUTE
    ../clib/microlib/longlong.c              0x00000000   Number         0  llushr.o ABSOLUTE
    ../clib/microlib/longlong.c              0x00000000   Number         0  llsshr.o ABSOLUTE
    ../clib/microlib/longlong.c              0x00000000   Number         0  llshl.o ABSOLUTE
    ../clib/microlib/printf/printf.c         0x00000000   Number         0  printfb.o ABSOLUTE
    ../clib/microlib/printf/printf.c         0x00000000   Number         0  printfa.o ABSOLUTE
    ../clib/microlib/printf/printf.c         0x00000000   Number         0  printf8.o ABSOLUTE
    ../clib/microlib/printf/printf.c         0x00000000   Number         0  printf7.o ABSOLUTE
    ../clib/microlib/printf/printf.c         0x00000000   Number         0  printf6.o ABSOLUTE
    ../clib/microlib/printf/printf.c         0x00000000   Number         0  printf5.o ABSOLUTE
    ../clib/microlib/printf/printf.c         0x00000000   Number         0  printf4.o ABSOLUTE
    ../clib/microlib/printf/printf.c         0x00000000   Number         0  printf3.o ABSOLUTE
    ../clib/microlib/printf/printf.c         0x00000000   Number         0  printf2.o ABSOLUTE
    ../clib/microlib/printf/printf.c         0x00000000   Number         0  printf1.o ABSOLUTE
    ../clib/microlib/printf/printf.c         0x00000000   Number         0  printf0.o ABSOLUTE
    ../clib/microlib/printf/stubs.s          0x00000000   Number         0  stubs.o ABSOLUTE
    ../clib/microlib/string/memcpy.c         0x00000000   Number         0  memcpyb.o ABSOLUTE
    ../clib/microlib/string/memcpy.c         0x00000000   Number         0  memcpya.o ABSOLUTE
    ../clib/microlib/stubs.s                 0x00000000   Number         0  iusefp.o ABSOLUTE
    ../fplib/microlib/d2f.c                  0x00000000   Number         0  d2f.o ABSOLUTE
    ../fplib/microlib/f2d.c                  0x00000000   Number         0  f2d.o ABSOLUTE
    ../fplib/microlib/fpadd.c                0x00000000   Number         0  dadd.o ABSOLUTE
    ../fplib/microlib/fpdiv.c                0x00000000   Number         0  ddiv.o ABSOLUTE
    ../fplib/microlib/fpepilogue.c           0x00000000   Number         0  depilogue.o ABSOLUTE
    ../fplib/microlib/fpepilogue.c           0x00000000   Number         0  fepilogue.o ABSOLUTE
    ../fplib/microlib/fpfix.c                0x00000000   Number         0  dfixul.o ABSOLUTE
    ../fplib/microlib/fpmul.c                0x00000000   Number         0  dmul.o ABSOLUTE
    ../fplib/microlib/fpneg.c                0x00000000   Number         0  dneg.o ABSOLUTE
    ../fplib/microlib/fpsqrt.c               0x00000000   Number         0  dsqrt.o ABSOLUTE
    ../mathlib/atan.c                        0x00000000   Number         0  atan.o ABSOLUTE
    ../mathlib/atan.c                        0x00000000   Number         0  atan_x.o ABSOLUTE
    ../mathlib/dunder.c                      0x00000000   Number         0  dunder.o ABSOLUTE
    ../mathlib/fabs.c                        0x00000000   Number         0  fabs.o ABSOLUTE
    ../mathlib/fpclassify.c                  0x00000000   Number         0  fpclassify.o ABSOLUTE
    ../mathlib/poly.c                        0x00000000   Number         0  poly.o ABSOLUTE
    ../mathlib/sqrt.c                        0x00000000   Number         0  sqrt.o ABSOLUTE
    ../mathlib/sqrt.c                        0x00000000   Number         0  sqrt_x.o ABSOLUTE
    ..\..\..\Library\Device\Nuvoton\M480\Source\ARM\startup_M480.s 0x00000000   Number         0  startup_m480.o ABSOLUTE
    ..\..\..\Library\Device\Nuvoton\M480\Source\system_M480.c 0x00000000   Number         0  system_m480.o ABSOLUTE
    ..\..\..\Library\StdDriver\src\clk.c     0x00000000   Number         0  clk.o ABSOLUTE
    ..\..\..\Library\StdDriver\src\gpio.c    0x00000000   Number         0  gpio.o ABSOLUTE
    ..\..\..\Library\StdDriver\src\i2c.c     0x00000000   Number         0  i2c.o ABSOLUTE
    ..\..\..\Library\StdDriver\src\pdma.c    0x00000000   Number         0  pdma.o ABSOLUTE
    ..\..\..\Library\StdDriver\src\retarget.c 0x00000000   Number         0  retarget.o ABSOLUTE
    ..\..\..\Library\StdDriver\src\sys.c     0x00000000   Number         0  sys.o ABSOLUTE
    ..\..\..\Library\StdDriver\src\timer.c   0x00000000   Number         0  timer.o ABSOLUTE
    ..\..\..\Library\StdDriver\src\uart.c    0x00000000   Number         0  uart.o ABSOLUTE
    ..\I2C_LSM6DSL.c                         0x00000000   Number         0  i2c_lsm6dsl.o ABSOLUTE
    ..\Kalman_Filter\kalman_filter.c         0x00000000   Number         0  kalman_filter.o ABSOLUTE
    ..\\..\\..\\Library\\Device\\Nuvoton\\M480\\Source\\system_M480.c 0x00000000   Number         0  system_m480.o ABSOLUTE
    ..\\..\\..\\Library\\StdDriver\\src\\clk.c 0x00000000   Number         0  clk.o ABSOLUTE
    ..\\..\\..\\Library\\StdDriver\\src\\gpio.c 0x00000000   Number         0  gpio.o ABSOLUTE
    ..\\..\\..\\Library\\StdDriver\\src\\i2c.c 0x00000000   Number         0  i2c.o ABSOLUTE
    ..\\..\\..\\Library\\StdDriver\\src\\pdma.c 0x00000000   Number         0  pdma.o ABSOLUTE
    ..\\..\\..\\Library\\StdDriver\\src\\retarget.c 0x00000000   Number         0  retarget.o ABSOLUTE
    ..\\..\\..\\Library\\StdDriver\\src\\sys.c 0x00000000   Number         0  sys.o ABSOLUTE
    ..\\..\\..\\Library\\StdDriver\\src\\timer.c 0x00000000   Number         0  timer.o ABSOLUTE
    ..\\..\\..\\Library\\StdDriver\\src\\uart.c 0x00000000   Number         0  uart.o ABSOLUTE
    ..\\I2C_LSM6DSL.c                        0x00000000   Number         0  i2c_lsm6dsl.o ABSOLUTE
    ..\\Kalman_Filter\\kalman_filter.c       0x00000000   Number         0  kalman_filter.o ABSOLUTE
    ..\\i2c_master.c                         0x00000000   Number         0  i2c_master.o ABSOLUTE
    ..\\main.c                               0x00000000   Number         0  main.o ABSOLUTE
    ..\i2c_master.c                          0x00000000   Number         0  i2c_master.o ABSOLUTE
    ..\main.c                                0x00000000   Number         0  main.o ABSOLUTE
    cdcmple.s                                0x00000000   Number         0  cdcmple.o ABSOLUTE
    cdrcmple.s                               0x00000000   Number         0  cdrcmple.o ABSOLUTE
    handlers.s                               0x00000000   Number         0  handlers.o ABSOLUTE
    init.s                                   0x00000000   Number         0  init.o ABSOLUTE
    .ARM.Collect$$$$00000000                 0x000001f4   Section        0  entry.o(.ARM.Collect$$$$00000000)
    .ARM.Collect$$$$00000001                 0x000001f4   Section        4  entry2.o(.ARM.Collect$$$$00000001)
    .ARM.Collect$$$$00000004                 0x000001f8   Section        4  entry5.o(.ARM.Collect$$$$00000004)
    .ARM.Collect$$$$00000008                 0x000001fc   Section        0  entry7b.o(.ARM.Collect$$$$00000008)
    .ARM.Collect$$$$0000000A                 0x000001fc   Section        0  entry8b.o(.ARM.Collect$$$$0000000A)
    .ARM.Collect$$$$0000000B                 0x000001fc   Section        8  entry9a.o(.ARM.Collect$$$$0000000B)
    .ARM.Collect$$$$0000000D                 0x00000204   Section        0  entry10a.o(.ARM.Collect$$$$0000000D)
    .ARM.Collect$$$$0000000F                 0x00000204   Section        0  entry11a.o(.ARM.Collect$$$$0000000F)
    .ARM.Collect$$$$00002712                 0x00000204   Section        4  entry2.o(.ARM.Collect$$$$00002712)
    __lit__00000000                          0x00000204   Data           4  entry2.o(.ARM.Collect$$$$00002712)
    .emb_text                                0x00000208   Section       28  retarget.o(.emb_text)
    $v0                                      0x00000208   Number         0  retarget.o(.emb_text)
    .text                                    0x00000224   Section      104  startup_m480.o(.text)
    $v0                                      0x00000224   Number         0  startup_m480.o(.text)
    Default_Handler                          0x00000277   Thumb Code     2  startup_m480.o(.text)
    .text                                    0x0000028c   Section        0  memcpya.o(.text)
    .text                                    0x000002b0   Section        0  dmul.o(.text)
    .text                                    0x00000394   Section        0  ddiv.o(.text)
    .text                                    0x00000472   Section        0  uidiv.o(.text)
    .text                                    0x0000049e   Section        0  uldiv.o(.text)
    .text                                    0x00000500   Section        0  depilogue.o(.text)
    .text                                    0x00000500   Section        0  iusefp.o(.text)
    .text                                    0x000005ba   Section        0  dadd.o(.text)
    .text                                    0x00000708   Section        0  dfixul.o(.text)
    .text                                    0x00000738   Section       48  cdrcmple.o(.text)
    .text                                    0x00000768   Section       36  init.o(.text)
    .text                                    0x0000078c   Section        0  llshl.o(.text)
    .text                                    0x000007aa   Section        0  llushr.o(.text)
    .text                                    0x000007ca   Section        0  llsshr.o(.text)
    i.CLK_DisablePLL                         0x000007ee   Section        0  clk.o(i.CLK_DisablePLL)
    i.CLK_EnableModuleClock                  0x00000800   Section        0  clk.o(i.CLK_EnableModuleClock)
    i.CLK_EnablePLL                          0x0000081c   Section        0  clk.o(i.CLK_EnablePLL)
    i.CLK_EnableXtalRC                       0x00000970   Section        0  clk.o(i.CLK_EnableXtalRC)
    i.CLK_GetCPUFreq                         0x00000980   Section        0  clk.o(i.CLK_GetCPUFreq)
    i.CLK_GetHXTFreq                         0x00000990   Section        0  clk.o(i.CLK_GetHXTFreq)
    i.CLK_GetLXTFreq                         0x000009a4   Section        0  clk.o(i.CLK_GetLXTFreq)
    i.CLK_GetPCLK0Freq                       0x000009bc   Section        0  clk.o(i.CLK_GetPCLK0Freq)
    i.CLK_GetPCLK1Freq                       0x00000a20   Section        0  clk.o(i.CLK_GetPCLK1Freq)
    i.CLK_GetPLLClockFreq                    0x00000a88   Section        0  clk.o(i.CLK_GetPLLClockFreq)
    i.CLK_SetCoreClock                       0x00000ad8   Section        0  clk.o(i.CLK_SetCoreClock)
    i.CLK_SetHCLK                            0x00000b5c   Section        0  clk.o(i.CLK_SetHCLK)
    i.CLK_SetModuleClock                     0x00000bc0   Section        0  clk.o(i.CLK_SetModuleClock)
    i.CLK_WaitClockReady                     0x00000c54   Section        0  clk.o(i.CLK_WaitClockReady)
    i.GPIO_SetMode                           0x00000c80   Section        0  gpio.o(i.GPIO_SetMode)
    i.Hard_Fault_Handler                     0x00000cac   Section        0  retarget.o(i.Hard_Fault_Handler)
    __tagsym$$used                           0x00000cad   Number         0  retarget.o(i.Hard_Fault_Handler)
    i.I2C0_IRQHandler                        0x00000cd4   Section        0  i2c_master.o(i.I2C0_IRQHandler)
    i.I2C0_Init                              0x00000cfc   Section        0  main.o(i.I2C0_Init)
    i.I2C_ClearTimeoutFlag                   0x00000d58   Section        0  i2c.o(i.I2C_ClearTimeoutFlag)
    i.I2C_EnableInt                          0x00000d62   Section        0  i2c.o(i.I2C_EnableInt)
    i.I2C_GetBusClockFreq                    0x00000d6c   Section        0  i2c.o(i.I2C_GetBusClockFreq)
    i.I2C_GetData                            0x00000d90   Section        0  i2c.o(i.I2C_GetData)
    i.I2C_Open                               0x00000d98   Section        0  i2c.o(i.I2C_Open)
    i.I2C_SetSlaveAddr                       0x00000ddc   Section        0  i2c.o(i.I2C_SetSlaveAddr)
    i.I2Cx_MasterRx_multi                    0x00000dfc   Section        0  i2c_master.o(i.I2Cx_MasterRx_multi)
    i.I2Cx_MasterTx_multi                    0x00000ec0   Section        0  i2c_master.o(i.I2Cx_MasterTx_multi)
    i.I2Cx_ReadMultiFromSlaveIRQ             0x00000f54   Section        0  i2c_master.o(i.I2Cx_ReadMultiFromSlaveIRQ)
    i.I2Cx_WriteMultiToSlaveIRQ              0x00000f8c   Section        0  i2c_master.o(i.I2Cx_WriteMultiToSlaveIRQ)
    i.LED_Init                               0x00000fc8   Section        0  main.o(i.LED_Init)
    i.LSM6DSL_Delay                          0x00000ff4   Section        0  i2c_lsm6dsl.o(i.LSM6DSL_Delay)
    i.NVIC_EnableIRQ                         0x00001000   Section        0  main.o(i.NVIC_EnableIRQ)
    NVIC_EnableIRQ                           0x00001001   Thumb Code    22  main.o(i.NVIC_EnableIRQ)
    i.SYS_Init                               0x00001018   Section        0  main.o(i.SYS_Init)
    i.SYS_ResetModule                        0x000010b8   Section        0  sys.o(i.SYS_ResetModule)
    i.SendChar                               0x000010d0   Section        0  retarget.o(i.SendChar)
    SendChar                                 0x000010d1   Thumb Code    26  retarget.o(i.SendChar)
    i.SystemCoreClockUpdate                  0x000010f0   Section        0  system_m480.o(i.SystemCoreClockUpdate)
    i.SystemInit                             0x00001138   Section        0  system_m480.o(i.SystemInit)
    i.TIMER0_HW_Init                         0x000011b0   Section        0  main.o(i.TIMER0_HW_Init)
    i.TIMER1_HW_Init                         0x000011d0   Section        0  main.o(i.TIMER1_HW_Init)
    i.TIMER1_Init                            0x000011f0   Section        0  main.o(i.TIMER1_Init)
    i.TIMER_GetModuleClock                   0x00001220   Section        0  timer.o(i.TIMER_GetModuleClock)
    i.TIMER_Open                             0x00001298   Section        0  timer.o(i.TIMER_Open)
    i.TMR1_IRQHandler                        0x000012d0   Section        0  main.o(i.TMR1_IRQHandler)
    i.UART0_IRQHandler                       0x00001328   Section        0  main.o(i.UART0_IRQHandler)
    i.UART0_Init                             0x0000135c   Section        0  main.o(i.UART0_Init)
    i.UART_ClearIntFlag                      0x00001464   Section        0  uart.o(i.UART_ClearIntFlag)
    i.UART_Open                              0x000014a0   Section        0  uart.o(i.UART_Open)
    i.UART_SetTimeoutCnt                     0x000015b8   Section        0  uart.o(i.UART_SetTimeoutCnt)
    i.UARTx_Process                          0x000015cc   Section        0  main.o(i.UARTx_Process)
    i.__0printf                              0x0000163c   Section        0  printfa.o(i.__0printf)
    i.__scatterload_copy                     0x0000165c   Section       14  handlers.o(i.__scatterload_copy)
    i.__scatterload_null                     0x0000166a   Section        2  handlers.o(i.__scatterload_null)
    i.__scatterload_zeroinit                 0x0000166c   Section       14  handlers.o(i.__scatterload_zeroinit)
    i._fp_digits                             0x0000167c   Section        0  printfa.o(i._fp_digits)
    _fp_digits                               0x0000167d   Thumb Code   366  printfa.o(i._fp_digits)
    i._printf_core                           0x00001800   Section        0  printfa.o(i._printf_core)
    _printf_core                             0x00001801   Thumb Code  1744  printfa.o(i._printf_core)
    i._printf_post_padding                   0x00001edc   Section        0  printfa.o(i._printf_post_padding)
    _printf_post_padding                     0x00001edd   Thumb Code    36  printfa.o(i._printf_post_padding)
    i._printf_pre_padding                    0x00001f00   Section        0  printfa.o(i._printf_pre_padding)
    _printf_pre_padding                      0x00001f01   Thumb Code    46  printfa.o(i._printf_pre_padding)
    i.appLSM6DSL_GetAcc                      0x00001f30   Section        0  i2c_lsm6dsl.o(i.appLSM6DSL_GetAcc)
    i.appLSM6DSL_GetAccData                  0x00002078   Section        0  i2c_lsm6dsl.o(i.appLSM6DSL_GetAccData)
    i.appLSM6DSL_GetData                     0x000020a4   Section        0  i2c_lsm6dsl.o(i.appLSM6DSL_GetData)
    i.appLSM6DSL_GetGyro                     0x00002110   Section        0  i2c_lsm6dsl.o(i.appLSM6DSL_GetGyro)
    i.appLSM6DSL_GetGyroData                 0x0000227c   Section        0  i2c_lsm6dsl.o(i.appLSM6DSL_GetGyroData)
    i.appLSM6DSL_Read                        0x000022a8   Section        0  i2c_lsm6dsl.o(i.appLSM6DSL_Read)
    i.appLSM6DSL_SetACC                      0x000022b8   Section        0  i2c_lsm6dsl.o(i.appLSM6DSL_SetACC)
    i.appLSM6DSL_SetAccData                  0x00002300   Section        0  i2c_lsm6dsl.o(i.appLSM6DSL_SetAccData)
    i.appLSM6DSL_SetGyro                     0x0000231c   Section        0  i2c_lsm6dsl.o(i.appLSM6DSL_SetGyro)
    i.appLSM6DSL_SetGyroData                 0x00002360   Section        0  i2c_lsm6dsl.o(i.appLSM6DSL_SetGyroData)
    i.appLSM6DSL_Set_BDU                     0x0000237c   Section        0  i2c_lsm6dsl.o(i.appLSM6DSL_Set_BDU)
    i.appLSM6DSL_Set_FIFO_MODE               0x000023aa   Section        0  i2c_lsm6dsl.o(i.appLSM6DSL_Set_FIFO_MODE)
    i.appLSM6DSL_Set_FS_G                    0x000023d8   Section        0  i2c_lsm6dsl.o(i.appLSM6DSL_Set_FS_G)
    i.appLSM6DSL_Set_FS_XL                   0x00002406   Section        0  i2c_lsm6dsl.o(i.appLSM6DSL_Set_FS_XL)
    i.appLSM6DSL_Set_IF_Addr_Incr            0x00002434   Section        0  i2c_lsm6dsl.o(i.appLSM6DSL_Set_IF_Addr_Incr)
    i.appLSM6DSL_Set_ODR_G                   0x00002462   Section        0  i2c_lsm6dsl.o(i.appLSM6DSL_Set_ODR_G)
    i.appLSM6DSL_Set_ODR_XL                  0x00002494   Section        0  i2c_lsm6dsl.o(i.appLSM6DSL_Set_ODR_XL)
    i.appLSM6DSL_Set_SW_RESET                0x000024c6   Section        0  i2c_lsm6dsl.o(i.appLSM6DSL_Set_SW_RESET)
    i.appLSM6DSL_Setup                       0x000024f4   Section        0  i2c_lsm6dsl.o(i.appLSM6DSL_Setup)
    i.appLSM6DSL_Write                       0x00002502   Section        0  i2c_lsm6dsl.o(i.appLSM6DSL_Write)
    i.fputc                                  0x00002512   Section        0  retarget.o(i.fputc)
    i.main                                   0x00002520   Section        0  main.o(i.main)
    i.stackDump                              0x0000254c   Section        0  retarget.o(i.stackDump)
    stackDump                                0x0000254d   Thumb Code    72  retarget.o(i.stackDump)
    .constdata                               0x000025f4   Section       48  uart.o(.constdata)
    .constdata                               0x00002624   Section       32  timer.o(.constdata)
    .data                                    0x20000000   Section       44  system_m480.o(.data)
    .data                                    0x2000002c   Section        4  retarget.o(.data)
    .data                                    0x20000030   Section        4  main.o(.data)
    CNT                                      0x20000030   Data           2  main.o(.data)
    CNT_SWITCH                               0x20000032   Data           2  main.o(.data)
    .data                                    0x20000034   Section       60  i2c_lsm6dsl.o(.data)
    cLSM6DSL_ACCx                            0x20000036   Data           2  i2c_lsm6dsl.o(.data)
    cLSM6DSL_ACCy                            0x20000038   Data           2  i2c_lsm6dsl.o(.data)
    cLSM6DSL_ACCz                            0x2000003a   Data           2  i2c_lsm6dsl.o(.data)
    cLSM6DSL_GYROx                           0x2000003c   Data           2  i2c_lsm6dsl.o(.data)
    cLSM6DSL_GYROy                           0x2000003e   Data           2  i2c_lsm6dsl.o(.data)
    cLSM6DSL_GYROz                           0x20000040   Data           2  i2c_lsm6dsl.o(.data)
    LSM6DSL_ACCx                             0x20000042   Data           2  i2c_lsm6dsl.o(.data)
    LSM6DSL_ACCy                             0x20000044   Data           2  i2c_lsm6dsl.o(.data)
    LSM6DSL_ACCz                             0x20000046   Data           2  i2c_lsm6dsl.o(.data)
    LSM6DSL_GYROx                            0x20000048   Data           2  i2c_lsm6dsl.o(.data)
    LSM6DSL_GYROy                            0x2000004a   Data           2  i2c_lsm6dsl.o(.data)
    LSM6DSL_GYROz                            0x2000004c   Data           2  i2c_lsm6dsl.o(.data)
    .data                                    0x20000070   Section       16  i2c_master.o(.data)
    STACK                                    0x20000080   Section     2048  startup_m480.o(STACK)

    Global Symbols

    Symbol Name                              Value     Ov Type        Size  Object(Section)

    BuildAttributes$$THM_ISAv4$E$P$D$K$B$S$7EM$VFPi3$EXTD16$VFPS$VFMA$PE$A:L22UL41UL21$X:L11$S22US41US21$IEEE1$IW$USESV6$~STKCKD$USESV7$~SHL$OTIME$ROPI$IEEEX$EBA8$MICROLIB$REQ8$PRES8$EABIv2 0x00000000   Number         0  anon$$obj.o ABSOLUTE
    __ARM_use_no_argv                        0x00000000   Number         0  main.o ABSOLUTE
    __Vectors                                0x00000000   Data           4  startup_m480.o(RESET)
    _printf_a                                0x00000000   Number         0  stubs.o ABSOLUTE
    _printf_c                                0x00000000   Number         0  stubs.o ABSOLUTE
    _printf_charcount                        0x00000000   Number         0  stubs.o ABSOLUTE
    _printf_d                                0x00000000   Number         0  stubs.o ABSOLUTE
    _printf_e                                0x00000000   Number         0  stubs.o ABSOLUTE
    _printf_f                                0x00000000   Number         0  stubs.o ABSOLUTE
    _printf_flags                            0x00000000   Number         0  stubs.o ABSOLUTE
    _printf_fp_dec                           0x00000000   Number         0  stubs.o ABSOLUTE
    _printf_fp_hex                           0x00000000   Number         0  stubs.o ABSOLUTE
    _printf_g                                0x00000000   Number         0  stubs.o ABSOLUTE
    _printf_i                                0x00000000   Number         0  stubs.o ABSOLUTE
    _printf_int_dec                          0x00000000   Number         0  stubs.o ABSOLUTE
    _printf_l                                0x00000000   Number         0  stubs.o ABSOLUTE
    _printf_lc                               0x00000000   Number         0  stubs.o ABSOLUTE
    _printf_ll                               0x00000000   Number         0  stubs.o ABSOLUTE
    _printf_lld                              0x00000000   Number         0  stubs.o ABSOLUTE
    _printf_lli                              0x00000000   Number         0  stubs.o ABSOLUTE
    _printf_llo                              0x00000000   Number         0  stubs.o ABSOLUTE
    _printf_llu                              0x00000000   Number         0  stubs.o ABSOLUTE
    _printf_llx                              0x00000000   Number         0  stubs.o ABSOLUTE
    _printf_longlong_dec                     0x00000000   Number         0  stubs.o ABSOLUTE
    _printf_longlong_hex                     0x00000000   Number         0  stubs.o ABSOLUTE
    _printf_longlong_oct                     0x00000000   Number         0  stubs.o ABSOLUTE
    _printf_ls                               0x00000000   Number         0  stubs.o ABSOLUTE
    _printf_mbtowc                           0x00000000   Number         0  stubs.o ABSOLUTE
    _printf_n                                0x00000000   Number         0  stubs.o ABSOLUTE
    _printf_o                                0x00000000   Number         0  stubs.o ABSOLUTE
    _printf_p                                0x00000000   Number         0  stubs.o ABSOLUTE
    _printf_percent                          0x00000000   Number         0  stubs.o ABSOLUTE
    _printf_pre_padding                      0x00000000   Number         0  stubs.o ABSOLUTE
    _printf_return_value                     0x00000000   Number         0  stubs.o ABSOLUTE
    _printf_s                                0x00000000   Number         0  stubs.o ABSOLUTE
    _printf_sizespec                         0x00000000   Number         0  stubs.o ABSOLUTE
    _printf_str                              0x00000000   Number         0  stubs.o ABSOLUTE
    _printf_truncate_signed                  0x00000000   Number         0  stubs.o ABSOLUTE
    _printf_truncate_unsigned                0x00000000   Number         0  stubs.o ABSOLUTE
    _printf_u                                0x00000000   Number         0  stubs.o ABSOLUTE
    _printf_wc                               0x00000000   Number         0  stubs.o ABSOLUTE
    _printf_wctomb                           0x00000000   Number         0  stubs.o ABSOLUTE
    _printf_widthprec                        0x00000000   Number         0  stubs.o ABSOLUTE
    _printf_x                                0x00000000   Number         0  stubs.o ABSOLUTE
    __cpp_initialize__aeabi_                  - Undefined Weak Reference
    __cxa_finalize                            - Undefined Weak Reference
    __decompress                              - Undefined Weak Reference
    _clock_init                               - Undefined Weak Reference
    _microlib_exit                            - Undefined Weak Reference
    __Vectors_End                            0x000001f4   Data           0  startup_m480.o(RESET)
    __Vectors_Size                           0x000001f4   Number         0  startup_m480.o ABSOLUTE
    __main                                   0x000001f5   Thumb Code     0  entry.o(.ARM.Collect$$$$00000000)
    _main_stk                                0x000001f5   Thumb Code     0  entry2.o(.ARM.Collect$$$$00000001)
    _main_scatterload                        0x000001f9   Thumb Code     0  entry5.o(.ARM.Collect$$$$00000004)
    __main_after_scatterload                 0x000001fd   Thumb Code     0  entry5.o(.ARM.Collect$$$$00000004)
    _main_clock                              0x000001fd   Thumb Code     0  entry7b.o(.ARM.Collect$$$$00000008)
    _main_cpp_init                           0x000001fd   Thumb Code     0  entry8b.o(.ARM.Collect$$$$0000000A)
    _main_init                               0x000001fd   Thumb Code     0  entry9a.o(.ARM.Collect$$$$0000000B)
    __rt_final_cpp                           0x00000205   Thumb Code     0  entry10a.o(.ARM.Collect$$$$0000000D)
    __rt_final_exit                          0x00000205   Thumb Code     0  entry11a.o(.ARM.Collect$$$$0000000F)
    HardFault_Handler                        0x00000209   Thumb Code    24  retarget.o(.emb_text)
    Reset_Handler                            0x00000225   Thumb Code    64  startup_m480.o(.text)
    NMI_Handler                              0x00000265   Thumb Code     2  startup_m480.o(.text)
    MemManage_Handler                        0x00000269   Thumb Code     2  startup_m480.o(.text)
    BusFault_Handler                         0x0000026b   Thumb Code     2  startup_m480.o(.text)
    UsageFault_Handler                       0x0000026d   Thumb Code     2  startup_m480.o(.text)
    SVC_Handler                              0x0000026f   Thumb Code     2  startup_m480.o(.text)
    DebugMon_Handler                         0x00000271   Thumb Code     2  startup_m480.o(.text)
    PendSV_Handler                           0x00000273   Thumb Code     2  startup_m480.o(.text)
    SysTick_Handler                          0x00000275   Thumb Code     2  startup_m480.o(.text)
    ACMP01_IRQHandler                        0x00000277   Thumb Code     0  startup_m480.o(.text)
    BOD_IRQHandler                           0x00000277   Thumb Code     0  startup_m480.o(.text)
    BPWM0_IRQHandler                         0x00000277   Thumb Code     0  startup_m480.o(.text)
    BPWM1_IRQHandler                         0x00000277   Thumb Code     0  startup_m480.o(.text)
    BRAKE0_IRQHandler                        0x00000277   Thumb Code     0  startup_m480.o(.text)
    BRAKE1_IRQHandler                        0x00000277   Thumb Code     0  startup_m480.o(.text)
    CAN0_IRQHandler                          0x00000277   Thumb Code     0  startup_m480.o(.text)
    CAN1_IRQHandler                          0x00000277   Thumb Code     0  startup_m480.o(.text)
    CAN2_IRQHandler                          0x00000277   Thumb Code     0  startup_m480.o(.text)
    CCAP_IRQHandler                          0x00000277   Thumb Code     0  startup_m480.o(.text)
    CKFAIL_IRQHandler                        0x00000277   Thumb Code     0  startup_m480.o(.text)
    CRYPTO_IRQHandler                        0x00000277   Thumb Code     0  startup_m480.o(.text)
    DAC_IRQHandler                           0x00000277   Thumb Code     0  startup_m480.o(.text)
    EADC00_IRQHandler                        0x00000277   Thumb Code     0  startup_m480.o(.text)
    EADC01_IRQHandler                        0x00000277   Thumb Code     0  startup_m480.o(.text)
    EADC02_IRQHandler                        0x00000277   Thumb Code     0  startup_m480.o(.text)
    EADC03_IRQHandler                        0x00000277   Thumb Code     0  startup_m480.o(.text)
    EADC10_IRQHandler                        0x00000277   Thumb Code     0  startup_m480.o(.text)
    EADC11_IRQHandler                        0x00000277   Thumb Code     0  startup_m480.o(.text)
    EADC12_IRQHandler                        0x00000277   Thumb Code     0  startup_m480.o(.text)
    EADC13_IRQHandler                        0x00000277   Thumb Code     0  startup_m480.o(.text)
    ECAP0_IRQHandler                         0x00000277   Thumb Code     0  startup_m480.o(.text)
    ECAP1_IRQHandler                         0x00000277   Thumb Code     0  startup_m480.o(.text)
    EHCI_IRQHandler                          0x00000277   Thumb Code     0  startup_m480.o(.text)
    EINT0_IRQHandler                         0x00000277   Thumb Code     0  startup_m480.o(.text)
    EINT1_IRQHandler                         0x00000277   Thumb Code     0  startup_m480.o(.text)
    EINT2_IRQHandler                         0x00000277   Thumb Code     0  startup_m480.o(.text)
    EINT3_IRQHandler                         0x00000277   Thumb Code     0  startup_m480.o(.text)
    EINT4_IRQHandler                         0x00000277   Thumb Code     0  startup_m480.o(.text)
    EINT5_IRQHandler                         0x00000277   Thumb Code     0  startup_m480.o(.text)
    EINT6_IRQHandler                         0x00000277   Thumb Code     0  startup_m480.o(.text)
    EINT7_IRQHandler                         0x00000277   Thumb Code     0  startup_m480.o(.text)
    EMAC_RX_IRQHandler                       0x00000277   Thumb Code     0  startup_m480.o(.text)
    EMAC_TX_IRQHandler                       0x00000277   Thumb Code     0  startup_m480.o(.text)
    EPWM0P0_IRQHandler                       0x00000277   Thumb Code     0  startup_m480.o(.text)
    EPWM0P1_IRQHandler                       0x00000277   Thumb Code     0  startup_m480.o(.text)
    EPWM0P2_IRQHandler                       0x00000277   Thumb Code     0  startup_m480.o(.text)
    EPWM1P0_IRQHandler                       0x00000277   Thumb Code     0  startup_m480.o(.text)
    EPWM1P1_IRQHandler                       0x00000277   Thumb Code     0  startup_m480.o(.text)
    EPWM1P2_IRQHandler                       0x00000277   Thumb Code     0  startup_m480.o(.text)
    GPA_IRQHandler                           0x00000277   Thumb Code     0  startup_m480.o(.text)
    GPB_IRQHandler                           0x00000277   Thumb Code     0  startup_m480.o(.text)
    GPC_IRQHandler                           0x00000277   Thumb Code     0  startup_m480.o(.text)
    GPD_IRQHandler                           0x00000277   Thumb Code     0  startup_m480.o(.text)
    GPE_IRQHandler                           0x00000277   Thumb Code     0  startup_m480.o(.text)
    GPF_IRQHandler                           0x00000277   Thumb Code     0  startup_m480.o(.text)
    GPG_IRQHandler                           0x00000277   Thumb Code     0  startup_m480.o(.text)
    GPH_IRQHandler                           0x00000277   Thumb Code     0  startup_m480.o(.text)
    I2C1_IRQHandler                          0x00000277   Thumb Code     0  startup_m480.o(.text)
    I2C2_IRQHandler                          0x00000277   Thumb Code     0  startup_m480.o(.text)
    I2S0_IRQHandler                          0x00000277   Thumb Code     0  startup_m480.o(.text)
    IRC_IRQHandler                           0x00000277   Thumb Code     0  startup_m480.o(.text)
    OHCI_IRQHandler                          0x00000277   Thumb Code     0  startup_m480.o(.text)
    OPA0_IRQHandler                          0x00000277   Thumb Code     0  startup_m480.o(.text)
    PDMA_IRQHandler                          0x00000277   Thumb Code     0  startup_m480.o(.text)
    PWRWU_IRQHandler                         0x00000277   Thumb Code     0  startup_m480.o(.text)
    QEI0_IRQHandler                          0x00000277   Thumb Code     0  startup_m480.o(.text)
    QEI1_IRQHandler                          0x00000277   Thumb Code     0  startup_m480.o(.text)
    QSPI0_IRQHandler                         0x00000277   Thumb Code     0  startup_m480.o(.text)
    QSPI1_IRQHandler                         0x00000277   Thumb Code     0  startup_m480.o(.text)
    RAMPE_IRQHandler                         0x00000277   Thumb Code     0  startup_m480.o(.text)
    RTC_IRQHandler                           0x00000277   Thumb Code     0  startup_m480.o(.text)
    SC0_IRQHandler                           0x00000277   Thumb Code     0  startup_m480.o(.text)
    SC1_IRQHandler                           0x00000277   Thumb Code     0  startup_m480.o(.text)
    SC2_IRQHandler                           0x00000277   Thumb Code     0  startup_m480.o(.text)
    SDH0_IRQHandler                          0x00000277   Thumb Code     0  startup_m480.o(.text)
    SDH1_IRQHandler                          0x00000277   Thumb Code     0  startup_m480.o(.text)
    SPI0_IRQHandler                          0x00000277   Thumb Code     0  startup_m480.o(.text)
    SPI1_IRQHandler                          0x00000277   Thumb Code     0  startup_m480.o(.text)
    SPI2_IRQHandler                          0x00000277   Thumb Code     0  startup_m480.o(.text)
    SPI3_IRQHandler                          0x00000277   Thumb Code     0  startup_m480.o(.text)
    SPIM_IRQHandler                          0x00000277   Thumb Code     0  startup_m480.o(.text)
    TAMPER_IRQHandler                        0x00000277   Thumb Code     0  startup_m480.o(.text)
    TMR0_IRQHandler                          0x00000277   Thumb Code     0  startup_m480.o(.text)
    TMR2_IRQHandler                          0x00000277   Thumb Code     0  startup_m480.o(.text)
    TMR3_IRQHandler                          0x00000277   Thumb Code     0  startup_m480.o(.text)
    TRNG_IRQHandler                          0x00000277   Thumb Code     0  startup_m480.o(.text)
    UART1_IRQHandler                         0x00000277   Thumb Code     0  startup_m480.o(.text)
    UART2_IRQHandler                         0x00000277   Thumb Code     0  startup_m480.o(.text)
    UART3_IRQHandler                         0x00000277   Thumb Code     0  startup_m480.o(.text)
    UART4_IRQHandler                         0x00000277   Thumb Code     0  startup_m480.o(.text)
    UART5_IRQHandler                         0x00000277   Thumb Code     0  startup_m480.o(.text)
    UART6_IRQHandler                         0x00000277   Thumb Code     0  startup_m480.o(.text)
    UART7_IRQHandler                         0x00000277   Thumb Code     0  startup_m480.o(.text)
    USBD20_IRQHandler                        0x00000277   Thumb Code     0  startup_m480.o(.text)
    USBD_IRQHandler                          0x00000277   Thumb Code     0  startup_m480.o(.text)
    USBOTG20_IRQHandler                      0x00000277   Thumb Code     0  startup_m480.o(.text)
    USBOTG_IRQHandler                        0x00000277   Thumb Code     0  startup_m480.o(.text)
    USCI0_IRQHandler                         0x00000277   Thumb Code     0  startup_m480.o(.text)
    USCI1_IRQHandler                         0x00000277   Thumb Code     0  startup_m480.o(.text)
    WDT_IRQHandler                           0x00000277   Thumb Code     0  startup_m480.o(.text)
    WWDT_IRQHandler                          0x00000277   Thumb Code     0  startup_m480.o(.text)
    __aeabi_memcpy                           0x0000028d   Thumb Code    36  memcpya.o(.text)
    __aeabi_memcpy4                          0x0000028d   Thumb Code     0  memcpya.o(.text)
    __aeabi_memcpy8                          0x0000028d   Thumb Code     0  memcpya.o(.text)
    __aeabi_dmul                             0x000002b1   Thumb Code   228  dmul.o(.text)
    __aeabi_ddiv                             0x00000395   Thumb Code   222  ddiv.o(.text)
    __aeabi_uidiv                            0x00000473   Thumb Code     0  uidiv.o(.text)
    __aeabi_uidivmod                         0x00000473   Thumb Code    44  uidiv.o(.text)
    __aeabi_uldivmod                         0x0000049f   Thumb Code    98  uldiv.o(.text)
    __I$use$fp                               0x00000501   Thumb Code     0  iusefp.o(.text)
    _double_round                            0x00000501   Thumb Code    30  depilogue.o(.text)
    _double_epilogue                         0x0000051f   Thumb Code   156  depilogue.o(.text)
    __aeabi_dadd                             0x000005bb   Thumb Code   322  dadd.o(.text)
    __aeabi_dsub                             0x000006fd   Thumb Code     6  dadd.o(.text)
    __aeabi_drsub                            0x00000703   Thumb Code     6  dadd.o(.text)
    __aeabi_d2ulz                            0x00000709   Thumb Code    48  dfixul.o(.text)
    __aeabi_cdrcmple                         0x00000739   Thumb Code    48  cdrcmple.o(.text)
    __scatterload                            0x00000769   Thumb Code    28  init.o(.text)
    __scatterload_rt2                        0x00000769   Thumb Code     0  init.o(.text)
    __aeabi_llsl                             0x0000078d   Thumb Code    30  llshl.o(.text)
    _ll_shift_l                              0x0000078d   Thumb Code     0  llshl.o(.text)
    __aeabi_llsr                             0x000007ab   Thumb Code    32  llushr.o(.text)
    _ll_ushift_r                             0x000007ab   Thumb Code     0  llushr.o(.text)
    __aeabi_lasr                             0x000007cb   Thumb Code    36  llsshr.o(.text)
    _ll_sshift_r                             0x000007cb   Thumb Code     0  llsshr.o(.text)
    CLK_DisablePLL                           0x000007ef   Thumb Code    18  clk.o(i.CLK_DisablePLL)
    CLK_EnableModuleClock                    0x00000801   Thumb Code    24  clk.o(i.CLK_EnableModuleClock)
    CLK_EnablePLL                            0x0000081d   Thumb Code   308  clk.o(i.CLK_EnablePLL)
    CLK_EnableXtalRC                         0x00000971   Thumb Code    16  clk.o(i.CLK_EnableXtalRC)
    CLK_GetCPUFreq                           0x00000981   Thumb Code    12  clk.o(i.CLK_GetCPUFreq)
    CLK_GetHXTFreq                           0x00000991   Thumb Code    16  clk.o(i.CLK_GetHXTFreq)
    CLK_GetLXTFreq                           0x000009a5   Thumb Code    22  clk.o(i.CLK_GetLXTFreq)
    CLK_GetPCLK0Freq                         0x000009bd   Thumb Code    96  clk.o(i.CLK_GetPCLK0Freq)
    CLK_GetPCLK1Freq                         0x00000a21   Thumb Code    98  clk.o(i.CLK_GetPCLK1Freq)
    CLK_GetPLLClockFreq                      0x00000a89   Thumb Code    66  clk.o(i.CLK_GetPLLClockFreq)
    CLK_SetCoreClock                         0x00000ad9   Thumb Code   128  clk.o(i.CLK_SetCoreClock)
    CLK_SetHCLK                              0x00000b5d   Thumb Code    98  clk.o(i.CLK_SetHCLK)
    CLK_SetModuleClock                       0x00000bc1   Thumb Code   140  clk.o(i.CLK_SetModuleClock)
    CLK_WaitClockReady                       0x00000c55   Thumb Code    38  clk.o(i.CLK_WaitClockReady)
    GPIO_SetMode                             0x00000c81   Thumb Code    44  gpio.o(i.GPIO_SetMode)
    Hard_Fault_Handler                       0x00000cad   Thumb Code    16  retarget.o(i.Hard_Fault_Handler)
    I2C0_IRQHandler                          0x00000cd5   Thumb Code    32  i2c_master.o(i.I2C0_IRQHandler)
    I2C0_Init                                0x00000cfd   Thumb Code    60  main.o(i.I2C0_Init)
    I2C_ClearTimeoutFlag                     0x00000d59   Thumb Code    10  i2c.o(i.I2C_ClearTimeoutFlag)
    I2C_EnableInt                            0x00000d63   Thumb Code    10  i2c.o(i.I2C_EnableInt)
    I2C_GetBusClockFreq                      0x00000d6d   Thumb Code    30  i2c.o(i.I2C_GetBusClockFreq)
    I2C_GetData                              0x00000d91   Thumb Code     6  i2c.o(i.I2C_GetData)
    I2C_Open                                 0x00000d99   Thumb Code    62  i2c.o(i.I2C_Open)
    I2C_SetSlaveAddr                         0x00000ddd   Thumb Code    32  i2c.o(i.I2C_SetSlaveAddr)
    I2Cx_MasterRx_multi                      0x00000dfd   Thumb Code   188  i2c_master.o(i.I2Cx_MasterRx_multi)
    I2Cx_MasterTx_multi                      0x00000ec1   Thumb Code   140  i2c_master.o(i.I2Cx_MasterTx_multi)
    I2Cx_ReadMultiFromSlaveIRQ               0x00000f55   Thumb Code    44  i2c_master.o(i.I2Cx_ReadMultiFromSlaveIRQ)
    I2Cx_WriteMultiToSlaveIRQ                0x00000f8d   Thumb Code    46  i2c_master.o(i.I2Cx_WriteMultiToSlaveIRQ)
    LED_Init                                 0x00000fc9   Thumb Code    38  main.o(i.LED_Init)
    LSM6DSL_Delay                            0x00000ff5   Thumb Code    12  i2c_lsm6dsl.o(i.LSM6DSL_Delay)
    SYS_Init                                 0x00001019   Thumb Code   148  main.o(i.SYS_Init)
    SYS_ResetModule                          0x000010b9   Thumb Code    20  sys.o(i.SYS_ResetModule)
    SystemCoreClockUpdate                    0x000010f1   Thumb Code    64  system_m480.o(i.SystemCoreClockUpdate)
    SystemInit                               0x00001139   Thumb Code   108  system_m480.o(i.SystemInit)
    TIMER0_HW_Init                           0x000011b1   Thumb Code    26  main.o(i.TIMER0_HW_Init)
    TIMER1_HW_Init                           0x000011d1   Thumb Code    26  main.o(i.TIMER1_HW_Init)
    TIMER1_Init                              0x000011f1   Thumb Code    42  main.o(i.TIMER1_Init)
    TIMER_GetModuleClock                     0x00001221   Thumb Code   102  timer.o(i.TIMER_GetModuleClock)
    TIMER_Open                               0x00001299   Thumb Code    54  timer.o(i.TIMER_Open)
    TMR1_IRQHandler                          0x000012d1   Thumb Code    72  main.o(i.TMR1_IRQHandler)
    UART0_IRQHandler                         0x00001329   Thumb Code    48  main.o(i.UART0_IRQHandler)
    UART0_Init                               0x0000135d   Thumb Code   124  main.o(i.UART0_Init)
    UART_ClearIntFlag                        0x00001465   Thumb Code    56  uart.o(i.UART_ClearIntFlag)
    UART_Open                                0x000014a1   Thumb Code   246  uart.o(i.UART_Open)
    UART_SetTimeoutCnt                       0x000015b9   Thumb Code    20  uart.o(i.UART_SetTimeoutCnt)
    UARTx_Process                            0x000015cd   Thumb Code    72  main.o(i.UARTx_Process)
    __0printf                                0x0000163d   Thumb Code    22  printfa.o(i.__0printf)
    __1printf                                0x0000163d   Thumb Code     0  printfa.o(i.__0printf)
    __2printf                                0x0000163d   Thumb Code     0  printfa.o(i.__0printf)
    __c89printf                              0x0000163d   Thumb Code     0  printfa.o(i.__0printf)
    printf                                   0x0000163d   Thumb Code     0  printfa.o(i.__0printf)
    __scatterload_copy                       0x0000165d   Thumb Code    14  handlers.o(i.__scatterload_copy)
    __scatterload_null                       0x0000166b   Thumb Code     2  handlers.o(i.__scatterload_null)
    __scatterload_zeroinit                   0x0000166d   Thumb Code    14  handlers.o(i.__scatterload_zeroinit)
    appLSM6DSL_GetAcc                        0x00001f31   Thumb Code   312  i2c_lsm6dsl.o(i.appLSM6DSL_GetAcc)
    appLSM6DSL_GetAccData                    0x00002079   Thumb Code    40  i2c_lsm6dsl.o(i.appLSM6DSL_GetAccData)
    appLSM6DSL_GetData                       0x000020a5   Thumb Code    72  i2c_lsm6dsl.o(i.appLSM6DSL_GetData)
    appLSM6DSL_GetGyro                       0x00002111   Thumb Code   342  i2c_lsm6dsl.o(i.appLSM6DSL_GetGyro)
    appLSM6DSL_GetGyroData                   0x0000227d   Thumb Code    40  i2c_lsm6dsl.o(i.appLSM6DSL_GetGyroData)
    appLSM6DSL_Read                          0x000022a9   Thumb Code    16  i2c_lsm6dsl.o(i.appLSM6DSL_Read)
    appLSM6DSL_SetACC                        0x000022b9   Thumb Code    50  i2c_lsm6dsl.o(i.appLSM6DSL_SetACC)
    appLSM6DSL_SetAccData                    0x00002301   Thumb Code    24  i2c_lsm6dsl.o(i.appLSM6DSL_SetAccData)
    appLSM6DSL_SetGyro                       0x0000231d   Thumb Code    46  i2c_lsm6dsl.o(i.appLSM6DSL_SetGyro)
    appLSM6DSL_SetGyroData                   0x00002361   Thumb Code    24  i2c_lsm6dsl.o(i.appLSM6DSL_SetGyroData)
    appLSM6DSL_Set_BDU                       0x0000237d   Thumb Code    46  i2c_lsm6dsl.o(i.appLSM6DSL_Set_BDU)
    appLSM6DSL_Set_FIFO_MODE                 0x000023ab   Thumb Code    46  i2c_lsm6dsl.o(i.appLSM6DSL_Set_FIFO_MODE)
    appLSM6DSL_Set_FS_G                      0x000023d9   Thumb Code    46  i2c_lsm6dsl.o(i.appLSM6DSL_Set_FS_G)
    appLSM6DSL_Set_FS_XL                     0x00002407   Thumb Code    46  i2c_lsm6dsl.o(i.appLSM6DSL_Set_FS_XL)
    appLSM6DSL_Set_IF_Addr_Incr              0x00002435   Thumb Code    46  i2c_lsm6dsl.o(i.appLSM6DSL_Set_IF_Addr_Incr)
    appLSM6DSL_Set_ODR_G                     0x00002463   Thumb Code    50  i2c_lsm6dsl.o(i.appLSM6DSL_Set_ODR_G)
    appLSM6DSL_Set_ODR_XL                    0x00002495   Thumb Code    50  i2c_lsm6dsl.o(i.appLSM6DSL_Set_ODR_XL)
    appLSM6DSL_Set_SW_RESET                  0x000024c7   Thumb Code    46  i2c_lsm6dsl.o(i.appLSM6DSL_Set_SW_RESET)
    appLSM6DSL_Setup                         0x000024f5   Thumb Code    14  i2c_lsm6dsl.o(i.appLSM6DSL_Setup)
    appLSM6DSL_Write                         0x00002503   Thumb Code    16  i2c_lsm6dsl.o(i.appLSM6DSL_Write)
    fputc                                    0x00002513   Thumb Code    12  retarget.o(i.fputc)
    main                                     0x00002521   Thumb Code    40  main.o(i.main)
    Region$$Table$$Base                      0x00002644   Number         0  anon$$obj.o(Region$$Table)
    Region$$Table$$Limit                     0x00002664   Number         0  anon$$obj.o(Region$$Table)
    SystemCoreClock                          0x20000000   Data           4  system_m480.o(.data)
    CyclesPerUs                              0x20000004   Data           4  system_m480.o(.data)
    PllClock                                 0x20000008   Data           4  system_m480.o(.data)
    gau32ClkSrcTbl                           0x2000000c   Data          32  system_m480.o(.data)
    __stdout                                 0x2000002c   Data           4  retarget.o(.data)
    FlagSwitch                               0x20000034   Data           1  i2c_lsm6dsl.o(.data)
    Flag_Calibrate                           0x20000035   Data           1  i2c_lsm6dsl.o(.data)
    gx                                       0x2000004e   Data           2  i2c_lsm6dsl.o(.data)
    gy                                       0x20000050   Data           2  i2c_lsm6dsl.o(.data)
    gz                                       0x20000052   Data           2  i2c_lsm6dsl.o(.data)
    ax                                       0x20000054   Data           2  i2c_lsm6dsl.o(.data)
    ay                                       0x20000056   Data           2  i2c_lsm6dsl.o(.data)
    az                                       0x20000058   Data           2  i2c_lsm6dsl.o(.data)
    RollAng                                  0x2000005c   Data           4  i2c_lsm6dsl.o(.data)
    PitchAng                                 0x20000060   Data           4  i2c_lsm6dsl.o(.data)
    angle_dot                                0x20000064   Data           4  i2c_lsm6dsl.o(.data)
    f_angle                                  0x20000068   Data           4  i2c_lsm6dsl.o(.data)
    f_angle_dot                              0x2000006c   Data           4  i2c_lsm6dsl.o(.data)
    g_u8EndFlag                              0x20000070   Data           1  i2c_master.o(.data)
    g_u8DeviceAddr_m                         0x20000071   Data           1  i2c_master.o(.data)
    g_u8DataLen_m                            0x20000072   Data           1  i2c_master.o(.data)
    rawlenth                                 0x20000073   Data           1  i2c_master.o(.data)
    g_au8Reg                                 0x20000074   Data           1  i2c_master.o(.data)
    I2Cx_Master_HandlerFn                    0x20000078   Data           4  i2c_master.o(.data)
    g_au8Buffer                              0x2000007c   Data           4  i2c_master.o(.data)
    __initial_sp                             0x20000880   Data           0  startup_m480.o(STACK)



==============================================================================

Memory Map of the image

  Image Entry point : 0x00000225

  Load Region LR_1 (Base: 0x00000000, Size: 0x000026e4, Max: 0xffffffff, ABSOLUTE)

    Execution Region ER_RO (Exec base: 0x00000000, Load base: 0x00000000, Size: 0x00002664, Max: 0xffffffff, ABSOLUTE)

    Exec Addr    Load Addr    Size         Type   Attr      Idx    E Section Name        Object

    0x00000000   0x00000000   0x000001f4   Data   RO          320    RESET               startup_m480.o
    0x000001f4   0x000001f4   0x00000000   Code   RO         2214  * .ARM.Collect$$$$00000000  mc_w.l(entry.o)
    0x000001f4   0x000001f4   0x00000004   Code   RO         2512    .ARM.Collect$$$$00000001  mc_w.l(entry2.o)
    0x000001f8   0x000001f8   0x00000004   Code   RO         2515    .ARM.Collect$$$$00000004  mc_w.l(entry5.o)
    0x000001fc   0x000001fc   0x00000000   Code   RO         2517    .ARM.Collect$$$$00000008  mc_w.l(entry7b.o)
    0x000001fc   0x000001fc   0x00000000   Code   RO         2519    .ARM.Collect$$$$0000000A  mc_w.l(entry8b.o)
    0x000001fc   0x000001fc   0x00000008   Code   RO         2520    .ARM.Collect$$$$0000000B  mc_w.l(entry9a.o)
    0x00000204   0x00000204   0x00000000   Code   RO         2522    .ARM.Collect$$$$0000000D  mc_w.l(entry10a.o)
    0x00000204   0x00000204   0x00000000   Code   RO         2524    .ARM.Collect$$$$0000000F  mc_w.l(entry11a.o)
    0x00000204   0x00000204   0x00000004   Code   RO         2513    .ARM.Collect$$$$00002712  mc_w.l(entry2.o)
    0x00000208   0x00000208   0x0000001c   Code   RO          328    .emb_text           retarget.o
    0x00000224   0x00000224   0x00000068   Code   RO          321  * .text               startup_m480.o
    0x0000028c   0x0000028c   0x00000024   Code   RO         2215    .text               mc_w.l(memcpya.o)
    0x000002b0   0x000002b0   0x000000e4   Code   RO         2480    .text               mf_w.l(dmul.o)
    0x00000394   0x00000394   0x000000de   Code   RO         2482    .text               mf_w.l(ddiv.o)
    0x00000472   0x00000472   0x0000002c   Code   RO         2526    .text               mc_w.l(uidiv.o)
    0x0000049e   0x0000049e   0x00000062   Code   RO         2528    .text               mc_w.l(uldiv.o)
    0x00000500   0x00000500   0x00000000   Code   RO         2537    .text               mc_w.l(iusefp.o)
    0x00000500   0x00000500   0x000000ba   Code   RO         2540    .text               mf_w.l(depilogue.o)
    0x000005ba   0x000005ba   0x0000014e   Code   RO         2542    .text               mf_w.l(dadd.o)
    0x00000708   0x00000708   0x00000030   Code   RO         2548    .text               mf_w.l(dfixul.o)
    0x00000738   0x00000738   0x00000030   Code   RO         2552    .text               mf_w.l(cdrcmple.o)
    0x00000768   0x00000768   0x00000024   Code   RO         2554    .text               mc_w.l(init.o)
    0x0000078c   0x0000078c   0x0000001e   Code   RO         2556    .text               mc_w.l(llshl.o)
    0x000007aa   0x000007aa   0x00000020   Code   RO         2558    .text               mc_w.l(llushr.o)
    0x000007ca   0x000007ca   0x00000024   Code   RO         2560    .text               mc_w.l(llsshr.o)
    0x000007ee   0x000007ee   0x00000012   Code   RO          616    i.CLK_DisablePLL    clk.o
    0x00000800   0x00000800   0x0000001c   Code   RO          621    i.CLK_EnableModuleClock  clk.o
    0x0000081c   0x0000081c   0x00000154   Code   RO          622    i.CLK_EnablePLL     clk.o
    0x00000970   0x00000970   0x00000010   Code   RO          625    i.CLK_EnableXtalRC  clk.o
    0x00000980   0x00000980   0x00000010   Code   RO          626    i.CLK_GetCPUFreq    clk.o
    0x00000990   0x00000990   0x00000014   Code   RO          628    i.CLK_GetHXTFreq    clk.o
    0x000009a4   0x000009a4   0x00000016   Code   RO          629    i.CLK_GetLXTFreq    clk.o
    0x000009ba   0x000009ba   0x00000002   PAD
    0x000009bc   0x000009bc   0x00000064   Code   RO          632    i.CLK_GetPCLK0Freq  clk.o
    0x00000a20   0x00000a20   0x00000068   Code   RO          633    i.CLK_GetPCLK1Freq  clk.o
    0x00000a88   0x00000a88   0x00000050   Code   RO          634    i.CLK_GetPLLClockFreq  clk.o
    0x00000ad8   0x00000ad8   0x00000084   Code   RO          638    i.CLK_SetCoreClock  clk.o
    0x00000b5c   0x00000b5c   0x00000062   Code   RO          639    i.CLK_SetHCLK       clk.o
    0x00000bbe   0x00000bbe   0x00000002   PAD
    0x00000bc0   0x00000bc0   0x00000094   Code   RO          640    i.CLK_SetModuleClock  clk.o
    0x00000c54   0x00000c54   0x0000002c   Code   RO          643    i.CLK_WaitClockReady  clk.o
    0x00000c80   0x00000c80   0x0000002c   Code   RO          812    i.GPIO_SetMode      gpio.o
    0x00000cac   0x00000cac   0x00000028   Code   RO          329    i.Hard_Fault_Handler  retarget.o
    0x00000cd4   0x00000cd4   0x00000028   Code   RO         2079    i.I2C0_IRQHandler   i2c_master.o
    0x00000cfc   0x00000cfc   0x0000005c   Code   RO         1311    i.I2C0_Init         main.o
    0x00000d58   0x00000d58   0x0000000a   Code   RO         1053    i.I2C_ClearTimeoutFlag  i2c.o
    0x00000d62   0x00000d62   0x0000000a   Code   RO         1058    i.I2C_EnableInt     i2c.o
    0x00000d6c   0x00000d6c   0x00000024   Code   RO         1061    i.I2C_GetBusClockFreq  i2c.o
    0x00000d90   0x00000d90   0x00000006   Code   RO         1062    i.I2C_GetData       i2c.o
    0x00000d96   0x00000d96   0x00000002   PAD
    0x00000d98   0x00000d98   0x00000044   Code   RO         1065    i.I2C_Open          i2c.o
    0x00000ddc   0x00000ddc   0x00000020   Code   RO         1084    i.I2C_SetSlaveAddr  i2c.o
    0x00000dfc   0x00000dfc   0x000000c4   Code   RO         2080    i.I2Cx_MasterRx_multi  i2c_master.o
    0x00000ec0   0x00000ec0   0x00000094   Code   RO         2081    i.I2Cx_MasterTx_multi  i2c_master.o
    0x00000f54   0x00000f54   0x00000038   Code   RO         2083    i.I2Cx_ReadMultiFromSlaveIRQ  i2c_master.o
    0x00000f8c   0x00000f8c   0x0000003c   Code   RO         2085    i.I2Cx_WriteMultiToSlaveIRQ  i2c_master.o
    0x00000fc8   0x00000fc8   0x0000002c   Code   RO         1312    i.LED_Init          main.o
    0x00000ff4   0x00000ff4   0x0000000c   Code   RO         1700    i.LSM6DSL_Delay     i2c_lsm6dsl.o
    0x00001000   0x00001000   0x00000016   Code   RO         1313    i.NVIC_EnableIRQ    main.o
    0x00001016   0x00001016   0x00000002   PAD
    0x00001018   0x00001018   0x000000a0   Code   RO         1314    i.SYS_Init          main.o
    0x000010b8   0x000010b8   0x00000018   Code   RO          533    i.SYS_ResetModule   sys.o
    0x000010d0   0x000010d0   0x00000020   Code   RO          331    i.SendChar          retarget.o
    0x000010f0   0x000010f0   0x00000048   Code   RO            4    i.SystemCoreClockUpdate  system_m480.o
    0x00001138   0x00001138   0x00000078   Code   RO            5    i.SystemInit        system_m480.o
    0x000011b0   0x000011b0   0x00000020   Code   RO         1315    i.TIMER0_HW_Init    main.o
    0x000011d0   0x000011d0   0x00000020   Code   RO         1317    i.TIMER1_HW_Init    main.o
    0x000011f0   0x000011f0   0x00000030   Code   RO         1318    i.TIMER1_Init       main.o
    0x00001220   0x00001220   0x00000078   Code   RO          970    i.TIMER_GetModuleClock  timer.o
    0x00001298   0x00001298   0x00000036   Code   RO          971    i.TIMER_Open        timer.o
    0x000012ce   0x000012ce   0x00000002   PAD
    0x000012d0   0x000012d0   0x00000058   Code   RO         1319    i.TMR1_IRQHandler   main.o
    0x00001328   0x00001328   0x00000034   Code   RO         1320    i.UART0_IRQHandler  main.o
    0x0000135c   0x0000135c   0x00000108   Code   RO         1321    i.UART0_Init        main.o
    0x00001464   0x00001464   0x0000003c   Code   RO          421    i.UART_ClearIntFlag  uart.o
    0x000014a0   0x000014a0   0x00000118   Code   RO          427    i.UART_Open         uart.o
    0x000015b8   0x000015b8   0x00000014   Code   RO          433    i.UART_SetTimeoutCnt  uart.o
    0x000015cc   0x000015cc   0x00000070   Code   RO         1322    i.UARTx_Process     main.o
    0x0000163c   0x0000163c   0x00000020   Code   RO         2452    i.__0printf         mc_w.l(printfa.o)
    0x0000165c   0x0000165c   0x0000000e   Code   RO         2564    i.__scatterload_copy  mc_w.l(handlers.o)
    0x0000166a   0x0000166a   0x00000002   Code   RO         2565    i.__scatterload_null  mc_w.l(handlers.o)
    0x0000166c   0x0000166c   0x0000000e   Code   RO         2566    i.__scatterload_zeroinit  mc_w.l(handlers.o)
    0x0000167a   0x0000167a   0x00000002   PAD
    0x0000167c   0x0000167c   0x00000184   Code   RO         2459    i._fp_digits        mc_w.l(printfa.o)
    0x00001800   0x00001800   0x000006dc   Code   RO         2460    i._printf_core      mc_w.l(printfa.o)
    0x00001edc   0x00001edc   0x00000024   Code   RO         2461    i._printf_post_padding  mc_w.l(printfa.o)
    0x00001f00   0x00001f00   0x0000002e   Code   RO         2462    i._printf_pre_padding  mc_w.l(printfa.o)
    0x00001f2e   0x00001f2e   0x00000002   PAD
    0x00001f30   0x00001f30   0x00000148   Code   RO         1701    i.appLSM6DSL_GetAcc  i2c_lsm6dsl.o
    0x00002078   0x00002078   0x0000002c   Code   RO         1702    i.appLSM6DSL_GetAccData  i2c_lsm6dsl.o
    0x000020a4   0x000020a4   0x0000006c   Code   RO         1703    i.appLSM6DSL_GetData  i2c_lsm6dsl.o
    0x00002110   0x00002110   0x0000016c   Code   RO         1704    i.appLSM6DSL_GetGyro  i2c_lsm6dsl.o
    0x0000227c   0x0000227c   0x0000002c   Code   RO         1705    i.appLSM6DSL_GetGyroData  i2c_lsm6dsl.o
    0x000022a8   0x000022a8   0x00000010   Code   RO         1707    i.appLSM6DSL_Read   i2c_lsm6dsl.o
    0x000022b8   0x000022b8   0x00000048   Code   RO         1708    i.appLSM6DSL_SetACC  i2c_lsm6dsl.o
    0x00002300   0x00002300   0x0000001c   Code   RO         1710    i.appLSM6DSL_SetAccData  i2c_lsm6dsl.o
    0x0000231c   0x0000231c   0x00000044   Code   RO         1711    i.appLSM6DSL_SetGyro  i2c_lsm6dsl.o
    0x00002360   0x00002360   0x0000001c   Code   RO         1713    i.appLSM6DSL_SetGyroData  i2c_lsm6dsl.o
    0x0000237c   0x0000237c   0x0000002e   Code   RO         1714    i.appLSM6DSL_Set_BDU  i2c_lsm6dsl.o
    0x000023aa   0x000023aa   0x0000002e   Code   RO         1715    i.appLSM6DSL_Set_FIFO_MODE  i2c_lsm6dsl.o
    0x000023d8   0x000023d8   0x0000002e   Code   RO         1716    i.appLSM6DSL_Set_FS_G  i2c_lsm6dsl.o
    0x00002406   0x00002406   0x0000002e   Code   RO         1717    i.appLSM6DSL_Set_FS_XL  i2c_lsm6dsl.o
    0x00002434   0x00002434   0x0000002e   Code   RO         1718    i.appLSM6DSL_Set_IF_Addr_Incr  i2c_lsm6dsl.o
    0x00002462   0x00002462   0x00000032   Code   RO         1719    i.appLSM6DSL_Set_ODR_G  i2c_lsm6dsl.o
    0x00002494   0x00002494   0x00000032   Code   RO         1720    i.appLSM6DSL_Set_ODR_XL  i2c_lsm6dsl.o
    0x000024c6   0x000024c6   0x0000002e   Code   RO         1721    i.appLSM6DSL_Set_SW_RESET  i2c_lsm6dsl.o
    0x000024f4   0x000024f4   0x0000000e   Code   RO         1722    i.appLSM6DSL_Setup  i2c_lsm6dsl.o
    0x00002502   0x00002502   0x00000010   Code   RO         1723    i.appLSM6DSL_Write  i2c_lsm6dsl.o
    0x00002512   0x00002512   0x0000000c   Code   RO          335    i.fputc             retarget.o
    0x0000251e   0x0000251e   0x00000002   PAD
    0x00002520   0x00002520   0x0000002c   Code   RO         1323    i.main              main.o
    0x0000254c   0x0000254c   0x000000a8   Code   RO          337    i.stackDump         retarget.o
    0x000025f4   0x000025f4   0x00000030   Data   RO          435    .constdata          uart.o
    0x00002624   0x00002624   0x00000020   Data   RO          974    .constdata          timer.o
    0x00002644   0x00002644   0x00000020   Data   RO         2562    Region$$Table       anon$$obj.o


    Execution Region ER_RW (Exec base: 0x20000000, Load base: 0x00002664, Size: 0x00000080, Max: 0xffffffff, ABSOLUTE)

    Exec Addr    Load Addr    Size         Type   Attr      Idx    E Section Name        Object

    0x20000000   0x00002664   0x0000002c   Data   RW            6    .data               system_m480.o
    0x2000002c   0x00002690   0x00000004   Data   RW          338    .data               retarget.o
    0x20000030   0x00002694   0x00000004   Data   RW         1325    .data               main.o
    0x20000034   0x00002698   0x0000003c   Data   RW         1725    .data               i2c_lsm6dsl.o
    0x20000070   0x000026d4   0x00000010   Data   RW         2087    .data               i2c_master.o


    Execution Region ER_ZI (Exec base: 0x20000080, Load base: 0x000026e4, Size: 0x00000800, Max: 0xffffffff, ABSOLUTE)

    Exec Addr    Load Addr    Size         Type   Attr      Idx    E Section Name        Object

    0x20000080        -       0x00000800   Zero   RW          318    STACK               startup_m480.o


==============================================================================

Image component sizes


      Code (inc. data)   RO Data    RW Data    ZI Data      Debug   Object Name

      1166         86          0          0          0      11077   clk.o
        44          0          0          0          0       1075   gpio.o
       162         12          0          0          0       4249   i2c.o
      1518        134          0         60          0      14865   i2c_lsm6dsl.o
       500         50          0         16          0       4170   i2c_master.o
       990        272          0          4          0     151487   main.o
       280        130          0          4          0       4983   retarget.o
       104         20        500          0       2048        944   startup_m480.o
        24          4          0          0          0        618   sys.o
       192         20          0         44          0      57379   system_m480.o
       174         18         32          0          0       2148   timer.o
       360         38         48          0          0       2709   uart.o

    ----------------------------------------------------------------------
      5526        784        612        128       2048     255704   Object Totals
         0          0         32          0          0          0   (incl. Generated)
        12          0          0          0          0          0   (incl. Padding)

    ----------------------------------------------------------------------

      Code (inc. data)   RO Data    RW Data    ZI Data      Debug   Library Member Name

         0          0          0          0          0          0   entry.o
         0          0          0          0          0          0   entry10a.o
         0          0          0          0          0          0   entry11a.o
         8          4          0          0          0          0   entry2.o
         4          0          0          0          0          0   entry5.o
         0          0          0          0          0          0   entry7b.o
         0          0          0          0          0          0   entry8b.o
         8          4          0          0          0          0   entry9a.o
        30          0          0          0          0          0   handlers.o
        36          8          0          0          0         68   init.o
         0          0          0          0          0          0   iusefp.o
        30          0          0          0          0         68   llshl.o
        36          0          0          0          0         68   llsshr.o
        32          0          0          0          0         68   llushr.o
        36          0          0          0          0         68   memcpya.o
      2258         90          0          0          0        452   printfa.o
        44          0          0          0          0         80   uidiv.o
        98          0          0          0          0         92   uldiv.o
        48          0          0          0          0         68   cdrcmple.o
       334          0          0          0          0        148   dadd.o
       222          0          0          0          0        100   ddiv.o
       186          0          0          0          0        176   depilogue.o
        48          0          0          0          0         68   dfixul.o
       228          0          0          0          0         96   dmul.o

    ----------------------------------------------------------------------
      3690        106          0          0          0       1620   Library Totals
         4          0          0          0          0          0   (incl. Padding)

    ----------------------------------------------------------------------

      Code (inc. data)   RO Data    RW Data    ZI Data      Debug   Library Name

      2620        106          0          0          0        964   mc_w.l
      1066          0          0          0          0        656   mf_w.l

    ----------------------------------------------------------------------
      3690        106          0          0          0       1620   Library Totals

    ----------------------------------------------------------------------

==============================================================================


      Code (inc. data)   RO Data    RW Data    ZI Data      Debug   

      9216        890        612        128       2048     250096   Grand Totals
      9216        890        612        128       2048     250096   ELF Image Totals
      9216        890        612        128          0          0   ROM Totals

==============================================================================

    Total RO  Size (Code + RO Data)                 9828 (   9.60kB)
    Total RW  Size (RW Data + ZI Data)              2176 (   2.13kB)
    Total ROM Size (Code + RO Data + RW Data)       9956 (   9.72kB)

==============================================================================

